2026-04-05 13:01:43,264 INFO Читаем документы...
2026-04-05 13:01:43,638 INFO HTTP Request: GET https://huggingface.co/api/models/sentence-transformers/all-MiniLM-L6-v2/revision/main "HTTP/1.1 200 OK"
2026-04-05 13:01:43,655 INFO  knowledge_base/Ки-Ади-Мунди.txt
2026-04-05 13:01:43,656 INFO  knowledge_base/Падме_Амидала.txt
2026-04-05 13:01:43,660 INFO  knowledge_base/Энакин_Скайуокер.txt
2026-04-05 13:01:43,660 INFO  knowledge_base/Дарт_Плэгас.txt
2026-04-05 13:01:43,662 INFO  knowledge_base/Гривус.txt
2026-04-05 13:01:43,663 INFO  knowledge_base/Дин_Джарин.txt
2026-04-05 13:01:43,665 INFO  knowledge_base/Асока_Тано.txt
2026-04-05 13:01:43,667 INFO  knowledge_base/Дуку.txt
2026-04-05 13:01:43,669 INFO  knowledge_base/Палпатин.txt
2026-04-05 13:01:43,669 INFO  knowledge_base/Бо-Катан_Крайз.txt
2026-04-05 13:01:43,669 INFO  knowledge_base/Экзегол.txt
2026-04-05 13:01:43,670 INFO  knowledge_base/Йода.txt
2026-04-05 13:01:43,670 INFO  knowledge_base/Квай-Гон_Джинн.txt
2026-04-05 13:01:43,671 INFO  knowledge_base/Оби-Ван_Кеноби.txt
2026-04-05 13:01:43,671 INFO  knowledge_base/Пло_Кун.txt
2026-04-05 13:01:43,672 INFO  knowledge_base/Гранд-инквизитор.txt
2026-04-05 13:01:43,672 INFO  knowledge_base/Рей_Скайуокер.txt
2026-04-05 13:01:43,672 INFO  knowledge_base/Эзра_Бриджер.txt
2026-04-05 13:01:43,673 INFO  knowledge_base/Сноук.txt
2026-04-05 13:01:43,673 INFO  knowledge_base/Дарт_Тенебрус.txt
2026-04-05 13:01:43,673 INFO  knowledge_base/Сайфо-Диас.txt
2026-04-05 13:01:43,673 INFO  knowledge_base/Дарт_Нихилус.txt
2026-04-05 13:01:43,675 INFO  knowledge_base/Люк_Скайуокер.txt
2026-04-05 13:01:43,675 INFO  knowledge_base/Дарт_Мол.txt
2026-04-05 13:01:43,676 INFO  knowledge_base/Лея_Органа-Соло.txt
2026-04-05 13:01:43,677 INFO  knowledge_base/Хан_Соло.txt
2026-04-05 13:01:43,678 INFO  knowledge_base/Гера_Синдулла.txt
2026-04-05 13:01:43,678 INFO  knowledge_base/Мейс_Винду.txt
2026-04-05 13:01:43,679 INFO  knowledge_base/Бен_Соло.txt
2026-04-05 13:01:43,680 INFO  knowledge_base/Эйла_Секура.txt
2026-04-05 13:01:43,680 INFO  knowledge_base/Сабин_Врен.txt
2026-04-05 13:01:43,680 INFO Прочитано 31 документов
2026-04-05 13:01:43,861 INFO Документы разбиты на 6194 чанков
2026-04-05 13:01:43,963 INFO HTTP Request: GET http://localhost:6333/collections/knowledge_base/exists "HTTP/1.1 200 OK"
2026-04-05 13:01:43,965 INFO Коллекция 'knowledge_base' существует. Удаляем...
2026-04-05 13:01:43,978 INFO HTTP Request: DELETE http://localhost:6333/collections/knowledge_base "HTTP/1.1 200 OK"
2026-04-05 13:01:43,980 INFO Коллекция 'knowledge_base' успешно удалена.
2026-04-05 13:01:44,074 INFO HTTP Request: GET http://localhost:6333 "HTTP/1.1 200 OK"
2026-04-05 13:01:44,181 INFO HTTP Request: PUT http://localhost:6333/collections/knowledge_base "HTTP/1.1 200 OK"
2026-04-05 13:01:44,183 INFO Use pytorch device_name: cpu
2026-04-05 13:01:44,183 INFO Load pretrained SentenceTransformer: sentence-transformers/all-MiniLM-L6-v2
2026-04-05 13:01:44,327 INFO HTTP Request: HEAD https://huggingface.co/sentence-transformers/all-MiniLM-L6-v2/resolve/main/modules.json "HTTP/1.1 307 Temporary Redirect"
2026-04-05 13:01:44,329 WARNING Warning: You are sending unauthenticated requests to the HF Hub. Please set a HF_TOKEN to enable higher rate limits and faster downloads.
2026-04-05 13:01:44,350 INFO HTTP Request: HEAD https://huggingface.co/api/resolve-cache/models/sentence-transformers/all-MiniLM-L6-v2/c9745ed1d9f207416be6d2e6f8de32d1f16199bf/modules.json "HTTP/1.1 200 OK"
2026-04-05 13:01:44,491 INFO HTTP Request: HEAD https://huggingface.co/sentence-transformers/all-MiniLM-L6-v2/resolve/main/config_sentence_transformers.json "HTTP/1.1 307 Temporary Redirect"
2026-04-05 13:01:44,512 INFO HTTP Request: HEAD https://huggingface.co/api/resolve-cache/models/sentence-transformers/all-MiniLM-L6-v2/c9745ed1d9f207416be6d2e6f8de32d1f16199bf/config_sentence_transformers.json "HTTP/1.1 200 OK"
2026-04-05 13:01:44,660 INFO HTTP Request: HEAD https://huggingface.co/sentence-transformers/all-MiniLM-L6-v2/resolve/main/config_sentence_transformers.json "HTTP/1.1 307 Temporary Redirect"
2026-04-05 13:01:44,682 INFO HTTP Request: HEAD https://huggingface.co/api/resolve-cache/models/sentence-transformers/all-MiniLM-L6-v2/c9745ed1d9f207416be6d2e6f8de32d1f16199bf/config_sentence_transformers.json "HTTP/1.1 200 OK"
2026-04-05 13:01:44,829 INFO HTTP Request: HEAD https://huggingface.co/sentence-transformers/all-MiniLM-L6-v2/resolve/main/README.md "HTTP/1.1 307 Temporary Redirect"
2026-04-05 13:01:44,850 INFO HTTP Request: HEAD https://huggingface.co/api/resolve-cache/models/sentence-transformers/all-MiniLM-L6-v2/c9745ed1d9f207416be6d2e6f8de32d1f16199bf/README.md "HTTP/1.1 200 OK"
2026-04-05 13:01:44,995 INFO HTTP Request: HEAD https://huggingface.co/sentence-transformers/all-MiniLM-L6-v2/resolve/main/modules.json "HTTP/1.1 307 Temporary Redirect"
2026-04-05 13:01:45,014 INFO HTTP Request: HEAD https://huggingface.co/api/resolve-cache/models/sentence-transformers/all-MiniLM-L6-v2/c9745ed1d9f207416be6d2e6f8de32d1f16199bf/modules.json "HTTP/1.1 200 OK"
2026-04-05 13:01:45,163 INFO HTTP Request: HEAD https://huggingface.co/sentence-transformers/all-MiniLM-L6-v2/resolve/main/sentence_bert_config.json "HTTP/1.1 307 Temporary Redirect"
2026-04-05 13:01:45,183 INFO HTTP Request: HEAD https://huggingface.co/api/resolve-cache/models/sentence-transformers/all-MiniLM-L6-v2/c9745ed1d9f207416be6d2e6f8de32d1f16199bf/sentence_bert_config.json "HTTP/1.1 200 OK"
2026-04-05 13:01:45,568 INFO HTTP Request: HEAD https://huggingface.co/sentence-transformers/all-MiniLM-L6-v2/resolve/main/adapter_config.json "HTTP/1.1 404 Not Found"
2026-04-05 13:01:45,712 INFO HTTP Request: HEAD https://huggingface.co/sentence-transformers/all-MiniLM-L6-v2/resolve/main/config.json "HTTP/1.1 307 Temporary Redirect"
2026-04-05 13:01:45,732 INFO HTTP Request: HEAD https://huggingface.co/api/resolve-cache/models/sentence-transformers/all-MiniLM-L6-v2/c9745ed1d9f207416be6d2e6f8de32d1f16199bf/config.json "HTTP/1.1 200 OK"
2026-04-05 13:01:46,025 INFO HTTP Request: HEAD https://huggingface.co/sentence-transformers/all-MiniLM-L6-v2/resolve/main/config.json "HTTP/1.1 307 Temporary Redirect"
2026-04-05 13:01:46,044 INFO HTTP Request: HEAD https://huggingface.co/api/resolve-cache/models/sentence-transformers/all-MiniLM-L6-v2/c9745ed1d9f207416be6d2e6f8de32d1f16199bf/config.json "HTTP/1.1 200 OK"
2026-04-05 13:01:46,192 INFO HTTP Request: HEAD https://huggingface.co/sentence-transformers/all-MiniLM-L6-v2/resolve/main/tokenizer_config.json "HTTP/1.1 307 Temporary Redirect"
2026-04-05 13:01:46,212 INFO HTTP Request: HEAD https://huggingface.co/api/resolve-cache/models/sentence-transformers/all-MiniLM-L6-v2/c9745ed1d9f207416be6d2e6f8de32d1f16199bf/tokenizer_config.json "HTTP/1.1 200 OK"
2026-04-05 13:01:46,365 INFO HTTP Request: GET https://huggingface.co/api/models/sentence-transformers/all-MiniLM-L6-v2/tree/main/additional_chat_templates?recursive=false&expand=false "HTTP/1.1 404 Not Found"
2026-04-05 13:01:46,515 INFO HTTP Request: GET https://huggingface.co/api/models/sentence-transformers/all-MiniLM-L6-v2/tree/main?recursive=true&expand=false "HTTP/1.1 200 OK"
2026-04-05 13:01:46,734 INFO HTTP Request: HEAD https://huggingface.co/sentence-transformers/all-MiniLM-L6-v2/resolve/main/1_Pooling/config.json "HTTP/1.1 307 Temporary Redirect"
2026-04-05 13:01:46,754 INFO HTTP Request: HEAD https://huggingface.co/api/resolve-cache/models/sentence-transformers/all-MiniLM-L6-v2/c9745ed1d9f207416be6d2e6f8de32d1f16199bf/1_Pooling%2Fconfig.json "HTTP/1.1 200 OK"
2026-04-05 13:01:46,902 INFO HTTP Request: GET https://huggingface.co/api/models/sentence-transformers/all-MiniLM-L6-v2 "HTTP/1.1 200 OK"
2026-04-05 13:01:46,910 INFO HTTP Request: GET http://localhost:6333/collections/knowledge_base "HTTP/1.1 200 OK"
2026-04-05 13:01:47,704 INFO HTTP Request: PUT http://localhost:6333/collections/knowledge_base/points?wait=true "HTTP/1.1 200 OK"
2026-04-05 13:01:48,422 INFO HTTP Request: PUT http://localhost:6333/collections/knowledge_base/points?wait=true "HTTP/1.1 200 OK"
2026-04-05 13:01:49,246 INFO HTTP Request: PUT http://localhost:6333/collections/knowledge_base/points?wait=true "HTTP/1.1 200 OK"
2026-04-05 13:01:49,986 INFO HTTP Request: PUT http://localhost:6333/collections/knowledge_base/points?wait=true "HTTP/1.1 200 OK"
2026-04-05 13:01:50,790 INFO HTTP Request: PUT http://localhost:6333/collections/knowledge_base/points?wait=true "HTTP/1.1 200 OK"
2026-04-05 13:01:51,545 INFO HTTP Request: PUT http://localhost:6333/collections/knowledge_base/points?wait=true "HTTP/1.1 200 OK"
2026-04-05 13:01:52,298 INFO HTTP Request: PUT http://localhost:6333/collections/knowledge_base/points?wait=true "HTTP/1.1 200 OK"
2026-04-05 13:01:53,051 INFO HTTP Request: PUT http://localhost:6333/collections/knowledge_base/points?wait=true "HTTP/1.1 200 OK"
2026-04-05 13:01:53,880 INFO HTTP Request: PUT http://localhost:6333/collections/knowledge_base/points?wait=true "HTTP/1.1 200 OK"
2026-04-05 13:01:54,657 INFO HTTP Request: PUT http://localhost:6333/collections/knowledge_base/points?wait=true "HTTP/1.1 200 OK"
2026-04-05 13:01:55,442 INFO HTTP Request: PUT http://localhost:6333/collections/knowledge_base/points?wait=true "HTTP/1.1 200 OK"
2026-04-05 13:01:56,261 INFO HTTP Request: PUT http://localhost:6333/collections/knowledge_base/points?wait=true "HTTP/1.1 200 OK"
2026-04-05 13:01:57,054 INFO HTTP Request: PUT http://localhost:6333/collections/knowledge_base/points?wait=true "HTTP/1.1 200 OK"
2026-04-05 13:01:58,157 INFO HTTP Request: PUT http://localhost:6333/collections/knowledge_base/points?wait=true "HTTP/1.1 200 OK"
2026-04-05 13:01:59,519 INFO HTTP Request: PUT http://localhost:6333/collections/knowledge_base/points?wait=true "HTTP/1.1 200 OK"
2026-04-05 13:02:00,797 INFO HTTP Request: PUT http://localhost:6333/collections/knowledge_base/points?wait=true "HTTP/1.1 200 OK"
2026-04-05 13:02:01,968 INFO HTTP Request: PUT http://localhost:6333/collections/knowledge_base/points?wait=true "HTTP/1.1 200 OK"
2026-04-05 13:02:03,110 INFO HTTP Request: PUT http://localhost:6333/collections/knowledge_base/points?wait=true "HTTP/1.1 200 OK"
2026-04-05 13:02:04,625 INFO HTTP Request: PUT http://localhost:6333/collections/knowledge_base/points?wait=true "HTTP/1.1 200 OK"
2026-04-05 13:02:05,674 INFO HTTP Request: PUT http://localhost:6333/collections/knowledge_base/points?wait=true "HTTP/1.1 200 OK"
2026-04-05 13:02:06,842 INFO HTTP Request: PUT http://localhost:6333/collections/knowledge_base/points?wait=true "HTTP/1.1 200 OK"
2026-04-05 13:02:08,027 INFO HTTP Request: PUT http://localhost:6333/collections/knowledge_base/points?wait=true "HTTP/1.1 200 OK"
2026-04-05 13:02:08,967 INFO HTTP Request: PUT http://localhost:6333/collections/knowledge_base/points?wait=true "HTTP/1.1 200 OK"
2026-04-05 13:02:10,336 INFO HTTP Request: PUT http://localhost:6333/collections/knowledge_base/points?wait=true "HTTP/1.1 200 OK"
2026-04-05 13:02:11,684 INFO HTTP Request: PUT http://localhost:6333/collections/knowledge_base/points?wait=true "HTTP/1.1 200 OK"
2026-04-05 13:02:12,828 INFO HTTP Request: PUT http://localhost:6333/collections/knowledge_base/points?wait=true "HTTP/1.1 200 OK"
2026-04-05 13:02:13,972 INFO HTTP Request: PUT http://localhost:6333/collections/knowledge_base/points?wait=true "HTTP/1.1 200 OK"
2026-04-05 13:02:14,992 INFO HTTP Request: PUT http://localhost:6333/collections/knowledge_base/points?wait=true "HTTP/1.1 200 OK"
2026-04-05 13:02:16,616 INFO HTTP Request: PUT http://localhost:6333/collections/knowledge_base/points?wait=true "HTTP/1.1 200 OK"
2026-04-05 13:02:17,640 INFO HTTP Request: PUT http://localhost:6333/collections/knowledge_base/points?wait=true "HTTP/1.1 200 OK"
2026-04-05 13:02:18,701 INFO HTTP Request: PUT http://localhost:6333/collections/knowledge_base/points?wait=true "HTTP/1.1 200 OK"
2026-04-05 13:02:20,161 INFO HTTP Request: PUT http://localhost:6333/collections/knowledge_base/points?wait=true "HTTP/1.1 200 OK"
2026-04-05 13:02:21,217 INFO HTTP Request: PUT http://localhost:6333/collections/knowledge_base/points?wait=true "HTTP/1.1 200 OK"
2026-04-05 13:02:22,567 INFO HTTP Request: PUT http://localhost:6333/collections/knowledge_base/points?wait=true "HTTP/1.1 200 OK"
2026-04-05 13:02:23,689 INFO HTTP Request: PUT http://localhost:6333/collections/knowledge_base/points?wait=true "HTTP/1.1 200 OK"
2026-04-05 13:02:24,868 INFO HTTP Request: PUT http://localhost:6333/collections/knowledge_base/points?wait=true "HTTP/1.1 200 OK"
2026-04-05 13:02:26,276 INFO HTTP Request: PUT http://localhost:6333/collections/knowledge_base/points?wait=true "HTTP/1.1 200 OK"
2026-04-05 13:02:27,325 INFO HTTP Request: PUT http://localhost:6333/collections/knowledge_base/points?wait=true "HTTP/1.1 200 OK"
2026-04-05 13:02:28,436 INFO HTTP Request: PUT http://localhost:6333/collections/knowledge_base/points?wait=true "HTTP/1.1 200 OK"
2026-04-05 13:02:29,564 INFO HTTP Request: PUT http://localhost:6333/collections/knowledge_base/points?wait=true "HTTP/1.1 200 OK"
2026-04-05 13:02:30,729 INFO HTTP Request: PUT http://localhost:6333/collections/knowledge_base/points?wait=true "HTTP/1.1 200 OK"
2026-04-05 13:02:32,284 INFO HTTP Request: PUT http://localhost:6333/collections/knowledge_base/points?wait=true "HTTP/1.1 200 OK"
2026-04-05 13:02:33,575 INFO HTTP Request: PUT http://localhost:6333/collections/knowledge_base/points?wait=true "HTTP/1.1 200 OK"
2026-04-05 13:02:34,679 INFO HTTP Request: PUT http://localhost:6333/collections/knowledge_base/points?wait=true "HTTP/1.1 200 OK"
2026-04-05 13:02:35,865 INFO HTTP Request: PUT http://localhost:6333/collections/knowledge_base/points?wait=true "HTTP/1.1 200 OK"
2026-04-05 13:02:37,319 INFO HTTP Request: PUT http://localhost:6333/collections/knowledge_base/points?wait=true "HTTP/1.1 200 OK"
2026-04-05 13:02:38,455 INFO HTTP Request: PUT http://localhost:6333/collections/knowledge_base/points?wait=true "HTTP/1.1 200 OK"
2026-04-05 13:02:39,498 INFO HTTP Request: PUT http://localhost:6333/collections/knowledge_base/points?wait=true "HTTP/1.1 200 OK"
2026-04-05 13:02:40,717 INFO HTTP Request: PUT http://localhost:6333/collections/knowledge_base/points?wait=true "HTTP/1.1 200 OK"
2026-04-05 13:02:41,859 INFO HTTP Request: PUT http://localhost:6333/collections/knowledge_base/points?wait=true "HTTP/1.1 200 OK"
2026-04-05 13:02:43,645 INFO HTTP Request: PUT http://localhost:6333/collections/knowledge_base/points?wait=true "HTTP/1.1 200 OK"
2026-04-05 13:02:44,632 INFO HTTP Request: PUT http://localhost:6333/collections/knowledge_base/points?wait=true "HTTP/1.1 200 OK"
2026-04-05 13:02:45,786 INFO HTTP Request: PUT http://localhost:6333/collections/knowledge_base/points?wait=true "HTTP/1.1 200 OK"
2026-04-05 13:02:46,816 INFO HTTP Request: PUT http://localhost:6333/collections/knowledge_base/points?wait=true "HTTP/1.1 200 OK"
2026-04-05 13:02:48,344 INFO HTTP Request: PUT http://localhost:6333/collections/knowledge_base/points?wait=true "HTTP/1.1 200 OK"
2026-04-05 13:02:49,629 INFO HTTP Request: PUT http://localhost:6333/collections/knowledge_base/points?wait=true "HTTP/1.1 200 OK"
2026-04-05 13:02:50,732 INFO HTTP Request: PUT http://localhost:6333/collections/knowledge_base/points?wait=true "HTTP/1.1 200 OK"
2026-04-05 13:02:51,918 INFO HTTP Request: PUT http://localhost:6333/collections/knowledge_base/points?wait=true "HTTP/1.1 200 OK"
2026-04-05 13:02:53,379 INFO HTTP Request: PUT http://localhost:6333/collections/knowledge_base/points?wait=true "HTTP/1.1 200 OK"
2026-04-05 13:02:54,744 INFO HTTP Request: PUT http://localhost:6333/collections/knowledge_base/points?wait=true "HTTP/1.1 200 OK"
2026-04-05 13:02:55,945 INFO HTTP Request: PUT http://localhost:6333/collections/knowledge_base/points?wait=true "HTTP/1.1 200 OK"
2026-04-05 13:02:56,941 INFO HTTP Request: PUT http://localhost:6333/collections/knowledge_base/points?wait=true "HTTP/1.1 200 OK"
2026-04-05 13:02:58,417 INFO HTTP Request: PUT http://localhost:6333/collections/knowledge_base/points?wait=true "HTTP/1.1 200 OK"
2026-04-05 13:02:59,635 INFO HTTP Request: PUT http://localhost:6333/collections/knowledge_base/points?wait=true "HTTP/1.1 200 OK"
2026-04-05 13:03:00,603 INFO HTTP Request: PUT http://localhost:6333/collections/knowledge_base/points?wait=true "HTTP/1.1 200 OK"
2026-04-05 13:03:01,671 INFO HTTP Request: PUT http://localhost:6333/collections/knowledge_base/points?wait=true "HTTP/1.1 200 OK"
2026-04-05 13:03:02,799 INFO HTTP Request: PUT http://localhost:6333/collections/knowledge_base/points?wait=true "HTTP/1.1 200 OK"
2026-04-05 13:03:04,171 INFO HTTP Request: PUT http://localhost:6333/collections/knowledge_base/points?wait=true "HTTP/1.1 200 OK"
2026-04-05 13:03:05,478 INFO HTTP Request: PUT http://localhost:6333/collections/knowledge_base/points?wait=true "HTTP/1.1 200 OK"
2026-04-05 13:03:06,665 INFO HTTP Request: PUT http://localhost:6333/collections/knowledge_base/points?wait=true "HTTP/1.1 200 OK"
2026-04-05 13:03:07,896 INFO HTTP Request: PUT http://localhost:6333/collections/knowledge_base/points?wait=true "HTTP/1.1 200 OK"
2026-04-05 13:03:09,012 INFO HTTP Request: PUT http://localhost:6333/collections/knowledge_base/points?wait=true "HTTP/1.1 200 OK"
2026-04-05 13:03:10,515 INFO HTTP Request: PUT http://localhost:6333/collections/knowledge_base/points?wait=true "HTTP/1.1 200 OK"
2026-04-05 13:03:11,602 INFO HTTP Request: PUT http://localhost:6333/collections/knowledge_base/points?wait=true "HTTP/1.1 200 OK"
2026-04-05 13:03:12,690 INFO HTTP Request: PUT http://localhost:6333/collections/knowledge_base/points?wait=true "HTTP/1.1 200 OK"
2026-04-05 13:03:13,977 INFO HTTP Request: PUT http://localhost:6333/collections/knowledge_base/points?wait=true "HTTP/1.1 200 OK"
2026-04-05 13:03:15,613 INFO HTTP Request: PUT http://localhost:6333/collections/knowledge_base/points?wait=true "HTTP/1.1 200 OK"
2026-04-05 13:03:16,537 INFO HTTP Request: PUT http://localhost:6333/collections/knowledge_base/points?wait=true "HTTP/1.1 200 OK"
2026-04-05 13:03:17,626 INFO HTTP Request: PUT http://localhost:6333/collections/knowledge_base/points?wait=true "HTTP/1.1 200 OK"
2026-04-05 13:03:18,798 INFO HTTP Request: PUT http://localhost:6333/collections/knowledge_base/points?wait=true "HTTP/1.1 200 OK"
2026-04-05 13:03:20,217 INFO HTTP Request: PUT http://localhost:6333/collections/knowledge_base/points?wait=true "HTTP/1.1 200 OK"
2026-04-05 13:03:21,525 INFO HTTP Request: PUT http://localhost:6333/collections/knowledge_base/points?wait=true "HTTP/1.1 200 OK"
2026-04-05 13:03:22,617 INFO HTTP Request: PUT http://localhost:6333/collections/knowledge_base/points?wait=true "HTTP/1.1 200 OK"
2026-04-05 13:03:23,718 INFO HTTP Request: PUT http://localhost:6333/collections/knowledge_base/points?wait=true "HTTP/1.1 200 OK"
2026-04-05 13:03:24,701 INFO HTTP Request: PUT http://localhost:6333/collections/knowledge_base/points?wait=true "HTTP/1.1 200 OK"
2026-04-05 13:03:26,364 INFO HTTP Request: PUT http://localhost:6333/collections/knowledge_base/points?wait=true "HTTP/1.1 200 OK"
2026-04-05 13:03:27,619 INFO HTTP Request: PUT http://localhost:6333/collections/knowledge_base/points?wait=true "HTTP/1.1 200 OK"
2026-04-05 13:03:28,612 INFO HTTP Request: PUT http://localhost:6333/collections/knowledge_base/points?wait=true "HTTP/1.1 200 OK"
2026-04-05 13:03:29,870 INFO HTTP Request: PUT http://localhost:6333/collections/knowledge_base/points?wait=true "HTTP/1.1 200 OK"
2026-04-05 13:03:31,476 INFO HTTP Request: PUT http://localhost:6333/collections/knowledge_base/points?wait=true "HTTP/1.1 200 OK"
2026-04-05 13:03:32,699 INFO HTTP Request: PUT http://localhost:6333/collections/knowledge_base/points?wait=true "HTTP/1.1 200 OK"
2026-04-05 13:03:33,778 INFO HTTP Request: PUT http://localhost:6333/collections/knowledge_base/points?wait=true "HTTP/1.1 200 OK"
2026-04-05 13:03:35,455 INFO HTTP Request: PUT http://localhost:6333/collections/knowledge_base/points?wait=true "HTTP/1.1 200 OK"
2026-04-05 13:03:37,067 INFO HTTP Request: PUT http://localhost:6333/collections/knowledge_base/points?wait=true "HTTP/1.1 200 OK"
2026-04-05 13:03:38,195 INFO HTTP Request: PUT http://localhost:6333/collections/knowledge_base/points?wait=true "HTTP/1.1 200 OK"
2026-04-05 13:03:38,899 INFO HTTP Request: PUT http://localhost:6333/collections/knowledge_base/points?wait=true "HTTP/1.1 200 OK"
2026-04-05 13:03:39,906 INFO HTTP Request: PUT http://localhost:6333/collections/knowledge_base/points?wait=true "HTTP/1.1 200 OK"
2026-04-05 13:03:39,909 INFO Загружено в Qdrant 6194 чанков
2026-04-05 13:03:39,912 INFO HTTP Request: GET http://localhost:6333/collections/knowledge_base "HTTP/1.1 200 OK"
2026-04-05 13:03:39,913 INFO Информация о коллекции status=<CollectionStatus.GREEN: 'green'> optimizer_status=<OptimizersStatusOneOf.OK: 'ok'> warnings=None indexed_vectors_count=0 points_count=6194 segments_count=8 config=CollectionConfig(params=CollectionParams(vectors=VectorParams(size=384, distance=<Distance.COSINE: 'Cosine'>, hnsw_config=None, quantization_config=None, on_disk=None, datatype=None, multivector_config=None), shard_number=1, sharding_method=None, replication_factor=1, write_consistency_factor=1, read_fan_out_factor=None, read_fan_out_delay_ms=None, on_disk_payload=True, sparse_vectors=None), hnsw_config=HnswConfig(m=16, ef_construct=100, full_scan_threshold=10000, max_indexing_threads=0, on_disk=False, payload_m=None, inline_storage=None), optimizer_config=OptimizersConfig(deleted_threshold=0.2, vacuum_min_vector_number=1000, default_segment_number=0, max_segment_size=None, memmap_threshold=None, indexing_threshold=10000, flush_interval_sec=5, max_optimization_threads=None, prevent_unoptimized=None), wal_config=WalConfig(wal_capacity_mb=32, wal_segments_ahead=0, wal_retain_closed=1), quantization_config=None, strict_mode_config=None, metadata=None) payload_schema={} update_queue=UpdateQueueInfo(length=0)
